read 2 points
34.54, 12.15
12.25, -18.67
This is not a triangle