read 9 points
23.60, -34.20
29.76, -27.66
20.82, -21.94
This is a triangle