read 5 points
35.73, 49.98
35.78, 37.45
37.95, 18.14
This is a triangle