read 12 points
23.56, -13.65
23.17, -13.65
24.04, -13.65
This is not a triangle