read 85 points
39.95, 28.00
37.45, 29.79
31.83, 23.99
This is a triangle