read 426 points
46.84, 2.42
48.68, 1.60
45.91, -1.63
This is a triangle