read 1000 points
-30.14, -27.36
-31.07, -26.99
-32.06, -28.49
This is a triangle