read 4 points
12.35, -42.23
29.76, -27.66
-23.67, -27.14
This is a triangle