21.23, 33.98
-31.74, 49.83
-30.59, 17.09
-40.82, 25.77
-34.87, 20.66
22.44, 26.59
-5.86, 36.58
