2.89, 8.57
34.33, 39.86
38.22, -13.53
44.88, -7.59
-19.38, -40.55
1.17, -34.52
-22.58, 11.06
